mvn : WARNING: A 
restricted method in 
java.lang.System has 
been called
En línea: 1 Carácter: 1
+ mvn clean compile 
2>&1 | Out-File 
-Encoding utf8 
compile.log
+ 
~~~~~~~~~~~~~~~~~~~~~~
    + CategoryInfo     
         : NotSpecifi  
  ed: (WARNING: A re   
 st...has been call    
ed:String) [], Rem    
oteException
    + FullyQualifiedEr 
   rorId : NativeComm  
  andError
 
WARNING: 
java.lang.System::load 
has been called by org.
fusesource.jansi.intern
al.JansiLoader in an 
unnamed module (file:/D
:/apache-maven-3.9.9/li
b/jansi-2.4.1.jar)
WARNING: Use --enable-n
ative-access=ALL-UNNAME
D to avoid a warning 
for callers in this 
module
WARNING: Restricted 
methods will be 
blocked in a future 
release unless native 
access is enabled

WARNING: A terminally 
deprecated method in 
sun.misc.Unsafe has 
been called
WARNING: sun.misc.Unsaf
e::objectFieldOffset 
has been called by com.
google.common.util.conc
urrent.AbstractFuture$U
nsafeAtomicHelper (file
:/D:/apache-maven-3.9.9
/lib/guava-33.2.1-jre.j
ar)
WARNING: Please 
consider reporting 
this to the 
maintainers of class co
m.google.common.util.co
ncurrent.AbstractFuture
$UnsafeAtomicHelper
WARNING: sun.misc.Unsaf
e::objectFieldOffset 
will be removed in a 
future release
[INFO] Scanning for projects...
[INFO] 
[INFO] -------------------------< com.mipyme:mipyme >--------------------------
[INFO] Building mipyme 0.0.1
[INFO]   from pom.xml
[INFO] --------------------------------[ jar ]---------------------------------
[INFO] 
[INFO] --- clean:3.5.0:clean (default-clean) @ mipyme ---
[INFO] Deleting D:\sistemas\toBeDeployedMiPyme\demo\target
[INFO] 
[INFO] --- resources:3.3.1:resources (default-resources) @ mipyme ---
[INFO] Copying 1 resource from src\main\resources to target\classes
[INFO] Copying 0 resource from src\main\resources to target\classes
[INFO] 
[INFO] --- compiler:3.14.1:compile (default-compile) @ mipyme ---
[INFO] Recompiling the module because of changed source code.
[INFO] Compiling 203 source files with javac [debug parameters release 21] to target\classes
[INFO] -------------------------------------------------------------
[ERROR] COMPILATION ERROR : 
[INFO] -------------------------------------------------------------
[ERROR] /D:/sistemas/toBeDeployedMiPyme/demo/src/main/java/com/mipyme/mercadopago/controller/MercadoPagoWebhookController.java:[185,57] cannot find symbol
  symbol:   variable WEBHOOK_SECRET
  location: class com.mipyme.mercadopago.controller.MercadoPagoWebhookController
[INFO] 1 error
[INFO] -------------------------------------------------------------
[INFO] ------------------------------------------------------------------------
[INFO] BUILD FAILURE
[INFO] ------------------------------------------------------------------------
[INFO] Total time:  11.457 s
[INFO] Finished at: 2026-02-27T12:22:16-03:00
[INFO] ------------------------------------------------------------------------
[ERROR] Failed to execute goal org.apache.maven.plugins:maven-compiler-plugin:3.14.1:compile (default-compile) on project mipyme: Compilation failure
[ERROR] /D:/sistemas/toBeDeployedMiPyme/demo/src/main/java/com/mipyme/mercadopago/controller/MercadoPagoWebhookController.java:[185,57] cannot find symbol
[ERROR]   symbol:   variable WEBHOOK_SECRET
[ERROR]   location: class com.mipyme.mercadopago.controller.MercadoPagoWebhookController
[ERROR] 
[ERROR] -> [Help 1]
[ERROR] 
[ERROR] To see the full stack trace of the errors, re-run Maven with the -e switch.
[ERROR] Re-run Maven using the -X switch to enable full debug logging.
[ERROR] 
[ERROR] For more information about the errors and possible solutions, please read the following articles:
[ERROR] [Help 1] http://cwiki.apache.org/confluence/display/MAVEN/MojoFailureException
